Archive member included to satisfy reference by file (symbol)

C:/ST/STM32CubeIDE_1.15.1/STM32CubeIDE/plugins/com.st.stm32cube.ide.mcu.externaltools.gnu-tools-for-stm32.13.3.rel1.win32_1.0.0.202411081344/tools/bin/../lib/gcc/arm-none-eabi/13.3.1/../../../../arm-none-eabi/lib/thumb/v7e-m+fp/hard\libc_nano.a(libc_a-exit.o)
                              C:/ST/STM32CubeIDE_1.15.1/STM32CubeIDE/plugins/com.st.stm32cube.ide.mcu.externaltools.gnu-tools-for-stm32.13.3.rel1.win32_1.0.0.202411081344/tools/bin/../lib/gcc/arm-none-eabi/13.3.1/../../../../arm-none-eabi/lib/thumb/v7e-m+fp/hard/crt0.o (exit)
C:/ST/STM32CubeIDE_1.15.1/STM32CubeIDE/plugins/com.st.stm32cube.ide.mcu.externaltools.gnu-tools-for-stm32.13.3.rel1.win32_1.0.0.202411081344/tools/bin/../lib/gcc/arm-none-eabi/13.3.1/../../../../arm-none-eabi/lib/thumb/v7e-m+fp/hard\libc_nano.a(libc_a-findfp.o)
                              C:/ST/STM32CubeIDE_1.15.1/STM32CubeIDE/plugins/com.st.stm32cube.ide.mcu.externaltools.gnu-tools-for-stm32.13.3.rel1.win32_1.0.0.202411081344/tools/bin/../lib/gcc/arm-none-eabi/13.3.1/../../../../arm-none-eabi/lib/thumb/v7e-m+fp/hard\libc_nano.a(libc_a-exit.o) (__stdio_exit_handler)
C:/ST/STM32CubeIDE_1.15.1/STM32CubeIDE/plugins/com.st.stm32cube.ide.mcu.externaltools.gnu-tools-for-stm32.13.3.rel1.win32_1.0.0.202411081344/tools/bin/../lib/gcc/arm-none-eabi/13.3.1/../../../../arm-none-eabi/lib/thumb/v7e-m+fp/hard\libc_nano.a(libc_a-fwalk.o)
                              C:/ST/STM32CubeIDE_1.15.1/STM32CubeIDE/plugins/com.st.stm32cube.ide.mcu.externaltools.gnu-tools-for-stm32.13.3.rel1.win32_1.0.0.202411081344/tools/bin/../lib/gcc/arm-none-eabi/13.3.1/../../../../arm-none-eabi/lib/thumb/v7e-m+fp/hard\libc_nano.a(libc_a-findfp.o) (_fwalk_sglue)
C:/ST/STM32CubeIDE_1.15.1/STM32CubeIDE/plugins/com.st.stm32cube.ide.mcu.externaltools.gnu-tools-for-stm32.13.3.rel1.win32_1.0.0.202411081344/tools/bin/../lib/gcc/arm-none-eabi/13.3.1/../../../../arm-none-eabi/lib/thumb/v7e-m+fp/hard\libc_nano.a(libc_a-puts.o)
                              ./Src/main.o (puts)
C:/ST/STM32CubeIDE_1.15.1/STM32CubeIDE/plugins/com.st.stm32cube.ide.mcu.externaltools.gnu-tools-for-stm32.13.3.rel1.win32_1.0.0.202411081344/tools/bin/../lib/gcc/arm-none-eabi/13.3.1/../../../../arm-none-eabi/lib/thumb/v7e-m+fp/hard\libc_nano.a(libc_a-stdio.o)
                              C:/ST/STM32CubeIDE_1.15.1/STM32CubeIDE/plugins/com.st.stm32cube.ide.mcu.externaltools.gnu-tools-for-stm32.13.3.rel1.win32_1.0.0.202411081344/tools/bin/../lib/gcc/arm-none-eabi/13.3.1/../../../../arm-none-eabi/lib/thumb/v7e-m+fp/hard\libc_nano.a(libc_a-findfp.o) (__sread)
C:/ST/STM32CubeIDE_1.15.1/STM32CubeIDE/plugins/com.st.stm32cube.ide.mcu.externaltools.gnu-tools-for-stm32.13.3.rel1.win32_1.0.0.202411081344/tools/bin/../lib/gcc/arm-none-eabi/13.3.1/../../../../arm-none-eabi/lib/thumb/v7e-m+fp/hard\libc_nano.a(libc_a-wbuf.o)
                              C:/ST/STM32CubeIDE_1.15.1/STM32CubeIDE/plugins/com.st.stm32cube.ide.mcu.externaltools.gnu-tools-for-stm32.13.3.rel1.win32_1.0.0.202411081344/tools/bin/../lib/gcc/arm-none-eabi/13.3.1/../../../../arm-none-eabi/lib/thumb/v7e-m+fp/hard\libc_nano.a(libc_a-puts.o) (__swbuf_r)
C:/ST/STM32CubeIDE_1.15.1/STM32CubeIDE/plugins/com.st.stm32cube.ide.mcu.externaltools.gnu-tools-for-stm32.13.3.rel1.win32_1.0.0.202411081344/tools/bin/../lib/gcc/arm-none-eabi/13.3.1/../../../../arm-none-eabi/lib/thumb/v7e-m+fp/hard\libc_nano.a(libc_a-wsetup.o)
                              C:/ST/STM32CubeIDE_1.15.1/STM32CubeIDE/plugins/com.st.stm32cube.ide.mcu.externaltools.gnu-tools-for-stm32.13.3.rel1.win32_1.0.0.202411081344/tools/bin/../lib/gcc/arm-none-eabi/13.3.1/../../../../arm-none-eabi/lib/thumb/v7e-m+fp/hard\libc_nano.a(libc_a-puts.o) (__swsetup_r)
C:/ST/STM32CubeIDE_1.15.1/STM32CubeIDE/plugins/com.st.stm32cube.ide.mcu.externaltools.gnu-tools-for-stm32.13.3.rel1.win32_1.0.0.202411081344/tools/bin/../lib/gcc/arm-none-eabi/13.3.1/../../../../arm-none-eabi/lib/thumb/v7e-m+fp/hard\libc_nano.a(libc_a-memset.o)
                              C:/ST/STM32CubeIDE_1.15.1/STM32CubeIDE/plugins/com.st.stm32cube.ide.mcu.externaltools.gnu-tools-for-stm32.13.3.rel1.win32_1.0.0.202411081344/tools/bin/../lib/gcc/arm-none-eabi/13.3.1/../../../../arm-none-eabi/lib/thumb/v7e-m+fp/hard/crt0.o (memset)
C:/ST/STM32CubeIDE_1.15.1/STM32CubeIDE/plugins/com.st.stm32cube.ide.mcu.externaltools.gnu-tools-for-stm32.13.3.rel1.win32_1.0.0.202411081344/tools/bin/../lib/gcc/arm-none-eabi/13.3.1/../../../../arm-none-eabi/lib/thumb/v7e-m+fp/hard\libc_nano.a(libc_a-closer.o)
                              C:/ST/STM32CubeIDE_1.15.1/STM32CubeIDE/plugins/com.st.stm32cube.ide.mcu.externaltools.gnu-tools-for-stm32.13.3.rel1.win32_1.0.0.202411081344/tools/bin/../lib/gcc/arm-none-eabi/13.3.1/../../../../arm-none-eabi/lib/thumb/v7e-m+fp/hard\libc_nano.a(libc_a-stdio.o) (_close_r)
[...]
Memory Configuration

Name             Origin             Length             Attributes
RAM              0x20000000         0x00020000         xrw
FLASH            0x08000000         0x00080000         xr
*default*        0x00000000         0xffffffff

Linker script and memory map

LOAD C:/ST/STM32CubeIDE_1.15.1/STM32CubeIDE/plugins/com.st.stm32cube.ide.mcu.externaltools.gnu-tools-for-stm32.13.3.rel1.win32_1.0.0.202411081344/tools/bin/../lib/gcc/arm-none-eabi/13.3.1/thumb/v7e-m+fp/hard/crti.o
LOAD C:/ST/STM32CubeIDE_1.15.1/STM32CubeIDE/plugins/com.st.stm32cube.ide.mcu.externaltools.gnu-tools-for-stm32.13.3.rel1.win32_1.0.0.202411081344/tools/bin/../lib/gcc/arm-none-eabi/13.3.1/thumb/v7e-m+fp/hard/crtbegin.o
LOAD C:/ST/STM32CubeIDE_1.15.1/STM32CubeIDE/plugins/com.st.stm32cube.ide.mcu.externaltools.gnu-tools-for-stm32.13.3.rel1.win32_1.0.0.202411081344/tools/bin/../lib/gcc/arm-none-eabi/13.3.1/../../../../arm-none-eabi/lib/thumb/v7e-m+fp/hard/crt0.o
LOAD ./Src/core_m4.o
LOAD ./Src/debounce.o
LOAD ./Src/exti.o
LOAD ./Src/flash.o
LOAD ./Src/gpio.o
LOAD ./Src/it.o
LOAD ./Src/main.o
LOAD ./Src/msp.o
LOAD ./Src/pwr.o
LOAD ./Src/rcc.o
LOAD ./Src/syscalls.o
LOAD ./Src/syscfg.o
LOAD ./Src/sysmem.o
LOAD ./Src/timebase.o
LOAD ./Src/uart.o
LOAD ./Startup/startup_stm32f446retx.o
START GROUP
LOAD C:/ST/STM32CubeIDE_1.15.1/STM32CubeIDE/plugins/com.st.stm32cube.ide.mcu.externaltools.gnu-tools-for-stm32.13.3.rel1.win32_1.0.0.202411081344/tools/bin/../lib/gcc/arm-none-eabi/13.3.1/../../../../arm-none-eabi/lib/thumb/v7e-m+fp/hard\libc_nano.a
LOAD C:/ST/STM32CubeIDE_1.15.1/STM32CubeIDE/plugins/com.st.stm32cube.ide.mcu.externaltools.gnu-tools-for-stm32.13.3.rel1.win32_1.0.0.202411081344/tools/bin/../lib/gcc/arm-none-eabi/13.3.1/../../../../arm-none-eabi/lib/thumb/v7e-m+fp/hard\libm.a
END GROUP
START GROUP
LOAD C:/ST/STM32CubeIDE_1.15.1/STM32CubeIDE/plugins/com.st.stm32cube.ide.mcu.externaltools.gnu-tools-for-stm32.13.3.rel1.win32_1.0.0.202411081344/tools/bin/../lib/gcc/arm-none-eabi/13.3.1/thumb/v7e-m+fp/hard\libgcc.a
LOAD C:/ST/STM32CubeIDE_1.15.1/STM32CubeIDE/plugins/com.st.stm32cube.ide.mcu.externaltools.gnu-tools-for-stm32.13.3.rel1.win32_1.0.0.202411081344/tools/bin/../lib/gcc/arm-none-eabi/13.3.1/../../../../arm-none-eabi/lib/thumb/v7e-m+fp/hard\libc_nano.a
END GROUP
START GROUP
LOAD C:/ST/STM32CubeIDE_1.15.1/STM32CubeIDE/plugins/com.st.stm32cube.ide.mcu.externaltools.gnu-tools-for-stm32.13.3.rel1.win32_1.0.0.202411081344/tools/bin/../lib/gcc/arm-none-eabi/13.3.1/thumb/v7e-m+fp/hard\libgcc.a
LOAD C:/ST/STM32CubeIDE_1.15.1/STM32CubeIDE/plugins/com.st.stm32cube.ide.mcu.externaltools.gnu-tools-for-stm32.13.3.rel1.win32_1.0.0.202411081344/tools/bin/../lib/gcc/arm-none-eabi/13.3.1/../../../../arm-none-eabi/lib/thumb/v7e-m+fp/hard\libc_nano.a
LOAD C:/ST/STM32CubeIDE_1.15.1/STM32CubeIDE/plugins/com.st.stm32cube.ide.mcu.externaltools.gnu-tools-for-stm32.13.3.rel1.win32_1.0.0.202411081344/tools/bin/../lib/gcc/arm-none-eabi/13.3.1/../../../../arm-none-eabi/lib/thumb/v7e-m+fp/hard\libnosys.a
END GROUP
START GROUP
LOAD C:/ST/STM32CubeIDE_1.15.1/STM32CubeIDE/plugins/com.st.stm32cube.ide.mcu.externaltools.gnu-tools-for-stm32.13.3.rel1.win32_1.0.0.202411081344/tools/bin/../lib/gcc/arm-none-eabi/13.3.1/thumb/v7e-m+fp/hard\libgcc.a
LOAD C:/ST/STM32CubeIDE_1.15.1/STM32CubeIDE/plugins/com.st.stm32cube.ide.mcu.externaltools.gnu-tools-for-stm32.13.3.rel1.win32_1.0.0.202411081344/tools/bin/../lib/gcc/arm-none-eabi/13.3.1/../../../../arm-none-eabi/lib/thumb/v7e-m+fp/hard\libc_nano.a
LOAD C:/ST/STM32CubeIDE_1.15.1/STM32CubeIDE/plugins/com.st.stm32cube.ide.mcu.externaltools.gnu-tools-for-stm32.13.3.rel1.win32_1.0.0.202411081344/tools/bin/../lib/gcc/arm-none-eabi/13.3.1/../../../../arm-none-eabi/lib/thumb/v7e-m+fp/hard\libnosys.a
END GROUP
LOAD C:/ST/STM32CubeIDE_1.15.1/STM32CubeIDE/plugins/com.st.stm32cube.ide.mcu.externaltools.gnu-tools-for-stm32.13.3.rel1.win32_1.0.0.202411081344/tools/bin/../lib/gcc/arm-none-eabi/13.3.1/thumb/v7e-m+fp/hard/crtend.o
LOAD C:/ST/STM32CubeIDE_1.15.1/STM32CubeIDE/plugins/com.st.stm32cube.ide.mcu.externaltools.gnu-tools-for-stm32.13.3.rel1.win32_1.0.0.202411081344/tools/bin/../lib/gcc/arm-none-eabi/13.3.1/thumb/v7e-m+fp/hard/crtn.o
                0x20020000                        _estack = (ORIGIN (RAM) + LENGTH (RAM))
                0x00000200                        _Min_Heap_Size = 0x200
                0x00000400                        _Min_Stack_Size = 0x400

.isr_vector     0x08000000      0x1c4
                0x08000000                        . = ALIGN (0x4)
 *(.isr_vector)
 .isr_vector    0x08000000      0x1c4 ./Startup/startup_stm32f446retx.o
                0x08000000                g_pfnVectors
                0x080001c4                        . = ALIGN (0x4)

.text           0x080001c4     0x186c
                0x080001c4                        . = ALIGN (0x4)
 *(.text)
 .text          0x080001c4       0x40 C:/ST/STM32CubeIDE_1.15.1/STM32CubeIDE/plugins/com.st.stm32cube.ide.mcu.externaltools.gnu-tools-for-stm32.13.3.rel1.win32_1.0.0.202411081344/tools/bin/../lib/gcc/arm-none-eabi/13.3.1/thumb/v7e-m+fp/hard/crtbegin.o
 *(.text*)
 .text.NVIC_Enable
                0x08000204       0x38 ./Src/core_m4.o
                0x08000204                NVIC_Enable
 .text.Debounce_Check
                0x0800023c       0x3c ./Src/debounce.o
                0x0800023c                Debounce_Check
 .text.__FLASH_PREFETCH_LATENCY
                0x08000278       0x24 ./Src/flash.o
                0x08000278                __FLASH_PREFETCH_LATENCY
 .text.GPIO_Init
                0x0800029c      0x168 ./Src/gpio.o
                0x0800029c                GPIO_Init
 .text.GPIO_TogglePin
                0x08000404       0x2a ./Src/gpio.o
                0x08000404                GPIO_TogglePin
 *fill*         0x0800042e        0x2 
 .text.EXTI15_10_IRQHandler
                0x08000430       0x48 ./Src/it.o
                0x08000430                EXTI15_10_IRQHandler
 .text.USART2_IRQHandler
                0x08000478       0x24 ./Src/it.o
                0x08000478                USART2_IRQHandler
 .text.main     0x0800049c       0x3c ./Src/main.o
                0x0800049c                main
 .text.SystemSetup
                0x080004d8       0x18 ./Src/main.o
                0x080004d8                SystemSetup
 .text.SystemClock_Config
                0x080004f0       0x90 ./Src/main.o
                0x080004f0                SystemClock_Config
 .text.M_GPIO_Init
                0x08000580       0x64 ./Src/main.o
                0x08000580                M_GPIO_Init
 .text.M_USART2_UART_Init
                0x080005e4       0x48 ./Src/main.o
                0x080005e4                M_USART2_UART_Init
 .text.Error_Handler
                0x0800062c       0x1c ./Src/main.o
                0x0800062c                Error_Handler
 .text.USART_MspInit
                0x08000648       0x84 ./Src/msp.o
                0x08000648                USART_MspInit
 .text.__PWR_VOLTAGESCALING_CONFIG
                0x080006cc       0x20 ./Src/pwr.o
                0x080006cc                __PWR_VOLTAGESCALING_CONFIG
 .text.RCC_OscConfig
                0x080006ec      0x314 ./Src/rcc.o
                0x080006ec                RCC_OscConfig
 .text.RCC_ClkConfig
                0x08000a00       0xa0 ./Src/rcc.o
                0x08000a00                RCC_ClkConfig
 .text.RCC_GetHCLK_Freq
                0x08000aa0       0xf8 ./Src/rcc.o
                0x08000aa0                RCC_GetHCLK_Freq
 .text.RCC_GetP1CLK_Freq
                0x08000b98       0x3c ./Src/rcc.o
                0x08000b98                RCC_GetP1CLK_Freq
 .text.RCC_GetP2CLK_Freq
                0x08000bd4       0x2c ./Src/rcc.o
                0x08000bd4                RCC_GetP2CLK_Freq
 .text.__RCC_GPIOA_CLK_ENABLE
                0x08000c00       0x20 ./Src/rcc.o
                0x08000c00                __RCC_GPIOA_CLK_ENABLE
 .text.__RCC_GPIOC_CLK_ENABLE
                0x08000c20       0x20 ./Src/rcc.o
                0x08000c20                __RCC_GPIOC_CLK_ENABLE
 .text.__RCC_PWR_CLK_ENABLE
                0x08000c40       0x20 ./Src/rcc.o
                0x08000c40                __RCC_PWR_CLK_ENABLE
 .text.__RCC_USART2_CLK_ENABLE
                0x08000c60       0x20 ./Src/rcc.o
                0x08000c60                __RCC_USART2_CLK_ENABLE
 .text.__RCC_SYSCFG_CLK_ENABLE
                0x08000c80       0x20 ./Src/rcc.o
                0x08000c80                __RCC_SYSCFG_CLK_ENABLE
 .text._read    0x08000ca0       0x3a ./Src/syscalls.o
                0x08000ca0                _read
 .text._write   0x08000cda       0x38 ./Src/syscalls.o
                0x08000cda                _write
 .text._close   0x08000d12       0x18 ./Src/syscalls.o
                0x08000d12                _close
 .text._fstat   0x08000d2a       0x20 ./Src/syscalls.o
                0x08000d2a                _fstat
 .text._isatty  0x08000d4a       0x16 ./Src/syscalls.o
                0x08000d4a                _isatty
 .text._lseek   0x08000d60       0x1a ./Src/syscalls.o
                0x08000d60                _lseek
 *fill*         0x08000d7a        0x2 
 .text._sbrk    0x08000d7c       0x6c ./Src/sysmem.o
                0x08000d7c                _sbrk
 .text.__disable_IRQ
                0x08000de8       0x10 ./Src/timebase.o
 .text.__enable_IRQ
                0x08000df8       0x10 ./Src/timebase.o
 .text.delay    0x08000e08       0x3c ./Src/timebase.o
                0x08000e08                delay
 .text.Get_Tick
                0x08000e44       0x24 ./Src/timebase.o
                0x08000e44                Get_Tick
 .text.Tick_Increament
                0x08000e68       0x1c ./Src/timebase.o
                0x08000e68                Tick_Increament
 .text.TimeBase_Init
                0x08000e84       0x70 ./Src/timebase.o
                0x08000e84                TimeBase_Init
 .text.SysTick_Handler
                0x08000ef4        0xc ./Src/timebase.o
                0x08000ef4                SysTick_Handler
 .text.UART_isr
                0x08000f00       0x14 ./Src/uart.o
                0x08000f00                UART_isr
 .text.USART_Init
                0x08000f14       0xe8 ./Src/uart.o
                0x08000f14                USART_Init
 .text.USART_Compute_Baud
                0x08000ffc       0x26 ./Src/uart.o
                0x08000ffc                USART_Compute_Baud
 .text.__io_putchar
                0x08001022       0x18 ./Src/uart.o
                0x08001022                __io_putchar
 *fill*         0x0800103a        0x2 
 .text.debug    0x0800103c       0x30 ./Src/uart.o
                0x0800103c                debug
 .text.Reset_Handler
                0x0800106c       0x50 ./Startup/startup_stm32f446retx.o
                0x0800106c                Reset_Handler
 .text.Default_Handler
                0x080010bc        0x2 ./Startup/startup_stm32f446retx.o
                0x080010bc                RTC_Alarm_IRQHandler
                0x080010bc                EXTI2_IRQHandler
                0x080010bc                TIM8_CC_IRQHandler
                0x080010bc                SPDIF_Rx_IRQHandler
                0x080010bc                DebugMon_Handler
                0x080010bc                SPI4_IRQHandler
                0x080010bc                TIM1_CC_IRQHandler
                0x080010bc                QuadSPI_IRQHandler
                0x080010bc                DMA2_Stream5_IRQHandler
                0x080010bc                HardFault_Handler
                0x080010bc                DMA1_Stream5_IRQHandler
                0x080010bc                PVD_IRQHandler
                0x080010bc                SDIO_IRQHandler
                0x080010bc                TAMP_STAMP_IRQHandler
                0x080010bc                PendSV_Handler
                0x080010bc                NMI_Handler
                0x080010bc                CAN2_RX1_IRQHandler
                0x080010bc                EXTI3_IRQHandler
                0x080010bc                TIM8_TRG_COM_TIM14_IRQHandler
                0x080010bc                TIM1_UP_TIM10_IRQHandler
                0x080010bc                FMPI2C1_error_IRQHandler
                0x080010bc                TIM8_UP_TIM13_IRQHandler
                0x080010bc                I2C3_ER_IRQHandler
                0x080010bc                EXTI0_IRQHandler
                0x080010bc                I2C2_EV_IRQHandler
                0x080010bc                DMA1_Stream2_IRQHandler
                0x080010bc                CAN1_RX0_IRQHandler
                0x080010bc                OTG_HS_WKUP_IRQHandler
                0x080010bc                UsageFault_Handler
                0x080010bc                CAN2_SCE_IRQHandler
                0x080010bc                DMA2_Stream2_IRQHandler
                0x080010bc                SPI1_IRQHandler
                0x080010bc                TIM6_DAC_IRQHandler
                0x080010bc                TIM1_BRK_TIM9_IRQHandler
                0x080010bc                DCMI_IRQHandler
                0x080010bc                CAN2_RX0_IRQHandler
                0x080010bc                DMA2_Stream3_IRQHandler
                0x080010bc                FMPI2C1_IRQHandler
                0x080010bc                SAI2_IRQHandler
                0x080010bc                USART6_IRQHandler
                0x080010bc                USART3_IRQHandler
                0x080010bc                CAN1_RX1_IRQHandler
                0x080010bc                UART5_IRQHandler
                0x080010bc                DMA2_Stream0_IRQHandler
                0x080010bc                TIM4_IRQHandler
                0x080010bc                I2C1_EV_IRQHandler
                0x080010bc                HDMI_CEC_IRQHandler
                0x080010bc                DMA1_Stream6_IRQHandler
                0x080010bc                DMA1_Stream1_IRQHandler
                0x080010bc                UART4_IRQHandler
                0x080010bc                TIM3_IRQHandler
                0x080010bc                RCC_IRQHandler
                0x080010bc                TIM8_BRK_TIM12_IRQHandler
                0x080010bc                Default_Handler
                0x080010bc                ADC_IRQHandler
                0x080010bc                DMA1_Stream7_IRQHandler
                0x080010bc                TIM7_IRQHandler
                0x080010bc                CAN2_TX_IRQHandler
                0x080010bc                TIM5_IRQHandler
                0x080010bc                DMA2_Stream7_IRQHandler
                0x080010bc                I2C3_EV_IRQHandler
                0x080010bc                EXTI9_5_IRQHandler
                0x080010bc                RTC_WKUP_IRQHandler
                0x080010bc                SPI2_IRQHandler
                0x080010bc                OTG_HS_EP1_IN_IRQHandler
                0x080010bc                MemManage_Handler
                0x080010bc                DMA1_Stream0_IRQHandler
                0x080010bc                CAN1_TX_IRQHandler
                0x080010bc                SVC_Handler
                0x080010bc                EXTI4_IRQHandler
                0x080010bc                OTG_HS_EP1_OUT_IRQHandler
                0x080010bc                WWDG_IRQHandler
                0x080010bc                TIM2_IRQHandler
                0x080010bc                OTG_FS_WKUP_IRQHandler
                0x080010bc                TIM1_TRG_COM_TIM11_IRQHandler
                0x080010bc                OTG_HS_IRQHandler
                0x080010bc                EXTI1_IRQHandler
                0x080010bc                I2C2_ER_IRQHandler
                0x080010bc                DMA2_Stream1_IRQHandler
                0x080010bc                CAN1_SCE_IRQHandler
                0x080010bc                FLASH_IRQHandler
                0x080010bc                DMA2_Stream4_IRQHandler
                0x080010bc                BusFault_Handler
                0x080010bc                USART1_IRQHandler
                0x080010bc                OTG_FS_IRQHandler
                0x080010bc                SPI3_IRQHandler
                0x080010bc                DMA1_Stream4_IRQHandler
                0x080010bc                I2C1_ER_IRQHandler
                0x080010bc                FMC_IRQHandler
                0x080010bc                DMA2_Stream6_IRQHandler
                0x080010bc                SAI1_IRQHandler
                0x080010bc                DMA1_Stream3_IRQHandler
 *fill*         0x080010be        0x2 
 .text.std      0x080010c0       0x6c C:/ST/STM32CubeIDE_1.15.1/STM32CubeIDE/plugins/com.st.stm32cube.ide.mcu.externaltools.gnu-tools-for-stm32.13.3.rel1.win32_1.0.0.202411081344/tools/bin/../lib/gcc/arm-none-eabi/13.3.1/../../../../arm-none-eabi/lib/thumb/v7e-m+fp/hard\libc_nano.a(libc_a-findfp.o)
 .text.stdio_exit_handler
                0x0800112c       0x18 C:/ST/STM32CubeIDE_1.15.1/STM32CubeIDE/plugins/com.st.stm32cube.ide.mcu.externaltools.gnu-tools-for-stm32.13.3.rel1.win32_1.0.0.202411081344/tools/bin/../lib/gcc/arm-none-eabi/13.3.1/../../../../arm-none-eabi/lib/thumb/v7e-m+fp/hard\libc_nano.a(libc_a-findfp.o)
 .text.cleanup_stdio
                0x08001144       0x40 C:/ST/STM32CubeIDE_1.15.1/STM32CubeIDE/plugins/com.st.stm32cube.ide.mcu.externaltools.gnu-tools-for-stm32.13.3.rel1.win32_1.0.0.202411081344/tools/bin/../lib/gcc/arm-none-eabi/13.3.1/../../../../arm-none-eabi/lib/thumb/v7e-m+fp/hard\libc_nano.a(libc_a-findfp.o)
 .text.global_stdio_init.part.0
                0x08001184       0x3c C:/ST/STM32CubeIDE_1.15.1/STM32CubeIDE/plugins/com.st.stm32cube.ide.mcu.externaltools.gnu-tools-for-stm32.13.3.rel1.win32_1.0.0.202411081344/tools/bin/../lib/gcc/arm-none-eabi/13.3.1/../../../../arm-none-eabi/lib/thumb/v7e-m+fp/hard\libc_nano.a(libc_a-findfp.o)
 .text.__sfp_lock_acquire
                0x080011c0        0xc C:/ST/STM32CubeIDE_1.15.1/STM32CubeIDE/plugins/com.st.stm32cube.ide.mcu.externaltools.gnu-tools-for-stm32.13.3.rel1.win32_1.0.0.202411081344/tools/bin/../lib/gcc/arm-none-eabi/13.3.1/../../../../arm-none-eabi/lib/thumb/v7e-m+fp/hard\libc_nano.a(libc_a-findfp.o)
                0x080011c0                __sfp_lock_acquire
 .text.__sfp_lock_release
                0x080011cc        0xc C:/ST/STM32CubeIDE_1.15.1/STM32CubeIDE/plugins/com.st.stm32cube.ide.mcu.externaltools.gnu-tools-for-stm32.13.3.rel1.win32_1.0.0.202411081344/tools/bin/../lib/gcc/arm-none-eabi/13.3.1/../../../../arm-none-eabi/lib/thumb/v7e-m+fp/hard\libc_nano.a(libc_a-findfp.o)
                0x080011cc                __sfp_lock_release
 .text.__sinit  0x080011d8       0x30 C:/ST/STM32CubeIDE_1.15.1/STM32CubeIDE/plugins/com.st.stm32cube.ide.mcu.externaltools.gnu-tools-for-stm32.13.3.rel1.win32_1.0.0.202411081344/tools/bin/../lib/gcc/arm-none-eabi/13.3.1/../../../../arm-none-eabi/lib/thumb/v7e-m+fp/hard\libc_nano.a(libc_a-findfp.o)
                0x080011d8                __sinit
 .text._fwalk_sglue
                0x08001208       0x3c C:/ST/STM32CubeIDE_1.15.1/STM32CubeIDE/plugins/com.st.stm32cube.ide.mcu.externaltools.gnu-tools-for-stm32.13.3.rel1.win32_1.0.0.202411081344/tools/bin/../lib/gcc/arm-none-eabi/13.3.1/../../../../arm-none-eabi/lib/thumb/v7e-m+fp/hard\libc_nano.a(libc_a-fwalk.o)
                0x08001208                _fwalk_sglue
 .text._puts_r  0x08001244       0xaa C:/ST/STM32CubeIDE_1.15.1/STM32CubeIDE/plugins/com.st.stm32cube.ide.mcu.externaltools.gnu-tools-for-stm32.13.3.rel1.win32_1.0.0.202411081344/tools/bin/../lib/gcc/arm-none-eabi/13.3.1/../../../../arm-none-eabi/lib/thumb/v7e-m+fp/hard\libc_nano.a(libc_a-puts.o)
                0x08001244                _puts_r
 *fill*         0x080012ee        0x2 
 .text.puts     0x080012f0       0x10 C:/ST/STM32CubeIDE_1.15.1/STM32CubeIDE/plugins/com.st.stm32cube.ide.mcu.externaltools.gnu-tools-for-stm32.13.3.rel1.win32_1.0.0.202411081344/tools/bin/../lib/gcc/arm-none-eabi/13.3.1/../../../../arm-none-eabi/lib/thumb/v7e-m+fp/hard\libc_nano.a(libc_a-puts.o)
                0x080012f0                puts
 .text.__sread  0x08001300       0x22 C:/ST/STM32CubeIDE_1.15.1/STM32CubeIDE/plugins/com.st.stm32cube.ide.mcu.externaltools.gnu-tools-for-stm32.13.3.rel1.win32_1.0.0.202411081344/tools/bin/../lib/gcc/arm-none-eabi/13.3.1/../../../../arm-none-eabi/lib/thumb/v7e-m+fp/hard\libc_nano.a(libc_a-stdio.o)
                0x08001300                __sread
 .text.__swrite
                0x08001322       0x38 C:/ST/STM32CubeIDE_1.15.1/STM32CubeIDE/plugins/com.st.stm32cube.ide.mcu.externaltools.gnu-tools-for-stm32.13.3.rel1.win32_1.0.0.202411081344/tools/bin/../lib/gcc/arm-none-eabi/13.3.1/../../../../arm-none-eabi/lib/thumb/v7e-m+fp/hard\libc_nano.a(libc_a-stdio.o)
                0x08001322                __swrite
 .text.__sseek  0x0800135a       0x24 C:/ST/STM32CubeIDE_1.15.1/STM32CubeIDE/plugins/com.st.stm32cube.ide.mcu.externaltools.gnu-tools-for-stm32.13.3.rel1.win32_1.0.0.202411081344/tools/bin/../lib/gcc/arm-none-eabi/13.3.1/../../../../arm-none-eabi/lib/thumb/v7e-m+fp/hard\libc_nano.a(libc_a-stdio.o)
                0x0800135a                __sseek
 .text.__sclose
                0x0800137e        0x8 C:/ST/STM32CubeIDE_1.15.1/STM32CubeIDE/plugins/com.st.stm32cube.ide.mcu.externaltools.gnu-tools-for-stm32.13.3.rel1.win32_1.0.0.202411081344/tools/bin/../lib/gcc/arm-none-eabi/13.3.1/../../../../arm-none-eabi/lib/thumb/v7e-m+fp/hard\libc_nano.a(libc_a-stdio.o)
                0x0800137e                __sclose
 .text.__swbuf_r
                0x08001386       0x7c C:/ST/STM32CubeIDE_1.15.1/STM32CubeIDE/plugins/com.st.stm32cube.ide.mcu.externaltools.gnu-tools-for-stm32.13.3.rel1.win32_1.0.0.202411081344/tools/bin/../lib/gcc/arm-none-eabi/13.3.1/../../../../arm-none-eabi/lib/thumb/v7e-m+fp/hard\libc_nano.a(libc_a-wbuf.o)
                0x08001386                __swbuf_r
 *fill*         0x08001402        0x2 
 .text.__swsetup_r
                0x08001404       0xac C:/ST/STM32CubeIDE_1.15.1/STM32CubeIDE/plugins/com.st.stm32cube.ide.mcu.externaltools.gnu-tools-for-stm32.13.3.rel1.win32_1.0.0.202411081344/tools/bin/../lib/gcc/arm-none-eabi/13.3.1/../../../../arm-none-eabi/lib/thumb/v7e-m+fp/hard\libc_nano.a(libc_a-wsetup.o)
                0x08001404                __swsetup_r
 .text.memset   0x080014b0       0x10 C:/ST/STM32CubeIDE_1.15.1/STM32CubeIDE/plugins/com.st.stm32cube.ide.mcu.externaltools.gnu-tools-for-stm32.13.3.rel1.win32_1.0.0.202411081344/tools/bin/../lib/gcc/arm-none-eabi/13.3.1/../../../../arm-none-eabi/lib/thumb/v7e-m+fp/hard\libc_nano.a(libc_a-memset.o)
                0x080014b0                memset
 .text._close_r
                0x080014c0       0x20 C:/ST/STM32CubeIDE_1.15.1/STM32CubeIDE/plugins/com.st.stm32cube.ide.mcu.externaltools.gnu-tools-for-stm32.13.3.rel1.win32_1.0.0.202411081344/tools/bin/../lib/gcc/arm-none-eabi/13.3.1/../../../../arm-none-eabi/lib/thumb/v7e-m+fp/hard\libc_nano.a(libc_a-closer.o)
                0x080014c0                _close_r
 .text._lseek_r
                0x080014e0       0x24 C:/ST/STM32CubeIDE_1.15.1/STM32CubeIDE/plugins/com.st.stm32cube.ide.mcu.externaltools.gnu-tools-for-stm32.13.3.rel1.win32_1.0.0.202411081344/tools/bin/../lib/gcc/arm-none-eabi/13.3.1/../../../../arm-none-eabi/lib/thumb/v7e-m+fp/hard\libc_nano.a(libc_a-lseekr.o)
                0x080014e0                _lseek_r
 .text._read_r  0x08001504       0x24 C:/ST/STM32CubeIDE_1.15.1/STM32CubeIDE/plugins/com.st.stm32cube.ide.mcu.externaltools.gnu-tools-for-stm32.13.3.rel1.win32_1.0.0.202411081344/tools/bin/../lib/gcc/arm-none-eabi/13.3.1/../../../../arm-none-eabi/lib/thumb/v7e-m+fp/hard\libc_nano.a(libc_a-readr.o)
                0x08001504                _read_r
 .text._write_r
                0x08001528       0x24 C:/ST/STM32CubeIDE_1.15.1/STM32CubeIDE/plugins/com.st.stm32cube.ide.mcu.externaltools.gnu-tools-for-stm32.13.3.rel1.win32_1.0.0.202411081344/tools/bin/../lib/gcc/arm-none-eabi/13.3.1/../../../../arm-none-eabi/lib/thumb/v7e-m+fp/hard\libc_nano.a(libc_a-writer.o)
                0x08001528                _write_r
 .text.__errno  0x0800154c        0xc C:/ST/STM32CubeIDE_1.15.1/STM32CubeIDE/plugins/com.st.stm32cube.ide.mcu.externaltools.gnu-tools-for-stm32.13.3.rel1.win32_1.0.0.202411081344/tools/bin/../lib/gcc/arm-none-eabi/13.3.1/../../../../arm-none-eabi/lib/thumb/v7e-m+fp/hard\libc_nano.a(libc_a-errno.o)
                0x0800154c                __errno
 .text.__libc_init_array
                0x08001558       0x48 C:/ST/STM32CubeIDE_1.15.1/STM32CubeIDE/plugins/com.st.stm32cube.ide.mcu.externaltools.gnu-tools-for-stm32.13.3.rel1.win32_1.0.0.202411081344/tools/bin/../lib/gcc/arm-none-eabi/13.3.1/../../../../arm-none-eabi/lib/thumb/v7e-m+fp/hard\libc_nano.a(libc_a-init.o)
                0x08001558                __libc_init_array
 .text.__retarget_lock_init_recursive
                0x080015a0        0x2 C:/ST/STM32CubeIDE_1.15.1/STM32CubeIDE/plugins/com.st.stm32cube.ide.mcu.externaltools.gnu-tools-for-stm32.13.3.rel1.win32_1.0.0.202411081344/tools/bin/../lib/gcc/arm-none-eabi/13.3.1/../../../../arm-none-eabi/lib/thumb/v7e-m+fp/hard\libc_nano.a(libc_a-lock.o)
                0x080015a0                __retarget_lock_init_recursive
 .text.__retarget_lock_acquire_recursive
                0x080015a2        0x2 C:/ST/STM32CubeIDE_1.15.1/STM32CubeIDE/plugins/com.st.stm32cube.ide.mcu.externaltools.gnu-tools-for-stm32.13.3.rel1.win32_1.0.0.202411081344/tools/bin/../lib/gcc/arm-none-eabi/13.3.1/../../../../arm-none-eabi/lib/thumb/v7e-m+fp/hard\libc_nano.a(libc_a-lock.o)
                0x080015a2                __retarget_lock_acquire_recursive
 .text.__retarget_lock_release_recursive
                0x080015a4        0x2 C:/ST/STM32CubeIDE_1.15.1/STM32CubeIDE/plugins/com.st.stm32cube.ide.mcu.externaltools.gnu-tools-for-stm32.13.3.rel1.win32_1.0.0.202411081344/tools/bin/../lib/gcc/arm-none-eabi/13.3.1/../../../../arm-none-eabi/lib/thumb/v7e-m+fp/hard\libc_nano.a(libc_a-lock.o)
                0x080015a4                __retarget_lock_release_recursive
 *fill*         0x080015a6        0x2 
 .text._free_r  0x080015a8       0x94 C:/ST/STM32CubeIDE_1.15.1/STM32CubeIDE/plugins/com.st.stm32cube.ide.mcu.externaltools.gnu-tools-for-stm32.13.3.rel1.win32_1.0.0.202411081344/tools/bin/../lib/gcc/arm-none-eabi/13.3.1/../../../../arm-none-eabi/lib/thumb/v7e-m+fp/hard\libc_nano.a(libc_a-freer.o)
                0x080015a8                _free_r
 .text.sbrk_aligned
                0x0800163c       0x44 C:/ST/STM32CubeIDE_1.15.1/STM32CubeIDE/plugins/com.st.stm32cube.ide.mcu.externaltools.gnu-tools-for-stm32.13.3.rel1.win32_1.0.0.202411081344/tools/bin/../lib/gcc/arm-none-eabi/13.3.1/../../../../arm-none-eabi/lib/thumb/v7e-m+fp/hard\libc_nano.a(libc_a-mallocr.o)
 .text._malloc_r
                0x08001680      0x100 C:/ST/STM32CubeIDE_1.15.1/STM32CubeIDE/plugins/com.st.stm32cube.ide.mcu.externaltools.gnu-tools-for-stm32.13.3.rel1.win32_1.0.0.202411081344/tools/bin/../lib/gcc/arm-none-eabi/13.3.1/../../../../arm-none-eabi/lib/thumb/v7e-m+fp/hard\libc_nano.a(libc_a-mallocr.o)
                0x08001680                _malloc_r
 .text.__malloc_lock
                0x08001780        0xc C:/ST/STM32CubeIDE_1.15.1/STM32CubeIDE/plugins/com.st.stm32cube.ide.mcu.externaltools.gnu-tools-for-stm32.13.3.rel1.win32_1.0.0.202411081344/tools/bin/../lib/gcc/arm-none-eabi/13.3.1/../../../../arm-none-eabi/lib/thumb/v7e-m+fp/hard\libc_nano.a(libc_a-mlock.o)
                0x08001780                __malloc_lock
 .text.__malloc_unlock
                0x0800178c        0xc C:/ST/STM32CubeIDE_1.15.1/STM32CubeIDE/plugins/com.st.stm32cube.ide.mcu.externaltools.gnu-tools-for-stm32.13.3.rel1.win32_1.0.0.202411081344/tools/bin/../lib/gcc/arm-none-eabi/13.3.1/../../../../arm-none-eabi/lib/thumb/v7e-m+fp/hard\libc_nano.a(libc_a-mlock.o)
                0x0800178c                __malloc_unlock
 .text.__sflush_r
                0x08001798      0x108 C:/ST/STM32CubeIDE_1.15.1/STM32CubeIDE/plugins/com.st.stm32cube.ide.mcu.externaltools.gnu-tools-for-stm32.13.3.rel1.win32_1.0.0.202411081344/tools/bin/../lib/gcc/arm-none-eabi/13.3.1/../../../../arm-none-eabi/lib/thumb/v7e-m+fp/hard\libc_nano.a(libc_a-fflush.o)
                0x08001798                __sflush_r
 .text._fflush_r
                0x080018a0       0x50 C:/ST/STM32CubeIDE_1.15.1/STM32CubeIDE/plugins/com.st.stm32cube.ide.mcu.externaltools.gnu-tools-for-stm32.13.3.rel1.win32_1.0.0.202411081344/tools/bin/../lib/gcc/arm-none-eabi/13.3.1/../../../../arm-none-eabi/lib/thumb/v7e-m+fp/hard\libc_nano.a(libc_a-fflush.o)
                0x080018a0                _fflush_r
 .text.__swhatbuf_r
                0x080018f0       0x4c C:/ST/STM32CubeIDE_1.15.1/STM32CubeIDE/plugins/com.st.stm32cube.ide.mcu.externaltools.gnu-tools-for-stm32.13.3.rel1.win32_1.0.0.202411081344/tools/bin/../lib/gcc/arm-none-eabi/13.3.1/../../../../arm-none-eabi/lib/thumb/v7e-m+fp/hard\libc_nano.a(libc_a-makebuf.o)
                0x080018f0                __swhatbuf_r
 .text.__smakebuf_r
                0x0800193c       0x78 C:/ST/STM32CubeIDE_1.15.1/STM32CubeIDE/plugins/com.st.stm32cube.ide.mcu.externaltools.gnu-tools-for-stm32.13.3.rel1.win32_1.0.0.202411081344/tools/bin/../lib/gcc/arm-none-eabi/13.3.1/../../../../arm-none-eabi/lib/thumb/v7e-m+fp/hard\libc_nano.a(libc_a-makebuf.o)
                0x0800193c                __smakebuf_r
 .text._fstat_r
                0x080019b4       0x24 C:/ST/STM32CubeIDE_1.15.1/STM32CubeIDE/plugins/com.st.stm32cube.ide.mcu.externaltools.gnu-tools-for-stm32.13.3.rel1.win32_1.0.0.202411081344/tools/bin/../lib/gcc/arm-none-eabi/13.3.1/../../../../arm-none-eabi/lib/thumb/v7e-m+fp/hard\libc_nano.a(libc_a-fstatr.o)
                0x080019b4                _fstat_r
 .text._isatty_r
                0x080019d8       0x20 C:/ST/STM32CubeIDE_1.15.1/STM32CubeIDE/plugins/com.st.stm32cube.ide.mcu.externaltools.gnu-tools-for-stm32.13.3.rel1.win32_1.0.0.202411081344/tools/bin/../lib/gcc/arm-none-eabi/13.3.1/../../../../arm-none-eabi/lib/thumb/v7e-m+fp/hard\libc_nano.a(libc_a-isattyr.o)
                0x080019d8                _isatty_r
 .text._sbrk_r  0x080019f8       0x20 C:/ST/STM32CubeIDE_1.15.1/STM32CubeIDE/plugins/com.st.stm32cube.ide.mcu.externaltools.gnu-tools-for-stm32.13.3.rel1.win32_1.0.0.202411081344/tools/bin/../lib/gcc/arm-none-eabi/13.3.1/../../../../arm-none-eabi/lib/thumb/v7e-m+fp/hard\libc_nano.a(libc_a-sbrkr.o)
                0x080019f8                _sbrk_r
 *(.glue_7)
 .glue_7        0x08001a18        0x0 linker stubs
 *(.glue_7t)
 .glue_7t       0x08001a18        0x0 linker stubs
 *(.eh_frame)
 .eh_frame      0x08001a18        0x0 C:/ST/STM32CubeIDE_1.15.1/STM32CubeIDE/plugins/com.st.stm32cube.ide.mcu.externaltools.gnu-tools-for-stm32.13.3.rel1.win32_1.0.0.202411081344/tools/bin/../lib/gcc/arm-none-eabi/13.3.1/thumb/v7e-m+fp/hard/crtbegin.o
 *(.init)
 .init          0x08001a18        0x4 C:/ST/STM32CubeIDE_1.15.1/STM32CubeIDE/plugins/com.st.stm32cube.ide.mcu.externaltools.gnu-tools-for-stm32.13.3.rel1.win32_1.0.0.202411081344/tools/bin/../lib/gcc/arm-none-eabi/13.3.1/thumb/v7e-m+fp/hard/crti.o
                0x08001a18                _init
 .init          0x08001a1c        0x8 C:/ST/STM32CubeIDE_1.15.1/STM32CubeIDE/plugins/com.st.stm32cube.ide.mcu.externaltools.gnu-tools-for-stm32.13.3.rel1.win32_1.0.0.202411081344/tools/bin/../lib/gcc/arm-none-eabi/13.3.1/thumb/v7e-m+fp/hard/crtn.o
 *(.fini)
 .fini          0x08001a24        0x4 C:/ST/STM32CubeIDE_1.15.1/STM32CubeIDE/plugins/com.st.stm32cube.ide.mcu.externaltools.gnu-tools-for-stm32.13.3.rel1.win32_1.0.0.202411081344/tools/bin/../lib/gcc/arm-none-eabi/13.3.1/thumb/v7e-m+fp/hard/crti.o
                0x08001a24                _fini
 .fini          0x08001a28        0x8 C:/ST/STM32CubeIDE_1.15.1/STM32CubeIDE/plugins/com.st.stm32cube.ide.mcu.externaltools.gnu-tools-for-stm32.13.3.rel1.win32_1.0.0.202411081344/tools/bin/../lib/gcc/arm-none-eabi/13.3.1/thumb/v7e-m+fp/hard/crtn.o
                0x08001a30                        . = ALIGN (0x4)
                0x08001a30                        _etext = .

.vfp11_veneer   0x08001a30        0x0
 .vfp11_veneer  0x08001a30        0x0 linker stubs

.v4_bx          0x08001a30        0x0
 .v4_bx         0x08001a30        0x0 linker stubs

.iplt           0x08001a30        0x0
 .iplt          0x08001a30        0x0 C:/ST/STM32CubeIDE_1.15.1/STM32CubeIDE/plugins/com.st.stm32cube.ide.mcu.externaltools.gnu-tools-for-stm32.13.3.rel1.win32_1.0.0.202411081344/tools/bin/../lib/gcc/arm-none-eabi/13.3.1/thumb/v7e-m+fp/hard/crtbegin.o

.rodata         0x08001a30       0x10
                0x08001a30                        . = ALIGN (0x4)
 *(.rodata)
 .rodata        0x08001a30       0x10 ./Src/main.o
 *(.rodata*)
                0x08001a40                        . = ALIGN (0x4)

.ARM.extab      0x08001a40        0x0
                0x08001a40                        . = ALIGN (0x4)
 *(.ARM.extab* .gnu.linkonce.armextab.*)
                0x08001a40                        . = ALIGN (0x4)

.ARM            0x08001a40        0x0
                0x08001a40                        . = ALIGN (0x4)
                0x08001a40                        __exidx_start = .
 *(.ARM.exidx*)
                0x08001a40                        __exidx_end = .
                0x08001a40                        . = ALIGN (0x4)

.preinit_array  0x08001a40        0x0
                0x08001a40                        . = ALIGN (0x4)
                0x08001a40                        PROVIDE (__preinit_array_start = .)
 *(.preinit_array*)
                0x08001a40                        PROVIDE (__preinit_array_end = .)
                0x08001a40                        . = ALIGN (0x4)

.init_array     0x08001a40        0x4
                0x08001a40                        . = ALIGN (0x4)
                0x08001a40                        PROVIDE (__init_array_start = .)
 *(SORT_BY_NAME(.init_array.*))
 *(.init_array*)
 .init_array    0x08001a40        0x4 C:/ST/STM32CubeIDE_1.15.1/STM32CubeIDE/plugins/com.st.stm32cube.ide.mcu.externaltools.gnu-tools-for-stm32.13.3.rel1.win32_1.0.0.202411081344/tools/bin/../lib/gcc/arm-none-eabi/13.3.1/thumb/v7e-m+fp/hard/crtbegin.o
                0x08001a44                        PROVIDE (__init_array_end = .)
                0x08001a44                        . = ALIGN (0x4)

.fini_array     0x08001a44        0x4
                0x08001a44                        . = ALIGN (0x4)
                [!provide]                        PROVIDE (__fini_array_start = .)
 *(SORT_BY_NAME(.fini_array.*))
 *(.fini_array*)
 .fini_array    0x08001a44        0x4 C:/ST/STM32CubeIDE_1.15.1/STM32CubeIDE/plugins/com.st.stm32cube.ide.mcu.externaltools.gnu-tools-for-stm32.13.3.rel1.win32_1.0.0.202411081344/tools/bin/../lib/gcc/arm-none-eabi/13.3.1/thumb/v7e-m+fp/hard/crtbegin.o
                [!provide]                        PROVIDE (__fini_array_end = .)
                0x08001a48                        . = ALIGN (0x4)
                0x08001a48                        _sidata = LOADADDR (.data)

.rel.dyn        0x08001a48        0x0
 .rel.iplt      0x08001a48        0x0 C:/ST/STM32CubeIDE_1.15.1/STM32CubeIDE/plugins/com.st.stm32cube.ide.mcu.externaltools.gnu-tools-for-stm32.13.3.rel1.win32_1.0.0.202411081344/tools/bin/../lib/gcc/arm-none-eabi/13.3.1/thumb/v7e-m+fp/hard/crtbegin.o

.data           0x20000000       0x5c load address 0x08001a48
                0x20000000                        . = ALIGN (0x4)
                0x20000000                        _sdata = .
 *(.data)
 *(.data*)
 .data.__sglue  0x20000000        0xc C:/ST/STM32CubeIDE_1.15.1/STM32CubeIDE/plugins/com.st.stm32cube.ide.mcu.externaltools.gnu-tools-for-stm32.13.3.rel1.win32_1.0.0.202411081344/tools/bin/../lib/gcc/arm-none-eabi/13.3.1/../../../../arm-none-eabi/lib/thumb/v7e-m+fp/hard\libc_nano.a(libc_a-findfp.o)
                0x20000000                __sglue
 .data._impure_ptr
                0x2000000c        0x4 C:/ST/STM32CubeIDE_1.15.1/STM32CubeIDE/plugins/com.st.stm32cube.ide.mcu.externaltools.gnu-tools-for-stm32.13.3.rel1.win32_1.0.0.202411081344/tools/bin/../lib/gcc/arm-none-eabi/13.3.1/../../../../arm-none-eabi/lib/thumb/v7e-m+fp/hard\libc_nano.a(libc_a-impure.o)
                0x2000000c                _impure_ptr
 .data._impure_data
                0x20000010       0x4c C:/ST/STM32CubeIDE_1.15.1/STM32CubeIDE/plugins/com.st.stm32cube.ide.mcu.externaltools.gnu-tools-for-stm32.13.3.rel1.win32_1.0.0.202411081344/tools/bin/../lib/gcc/arm-none-eabi/13.3.1/../../../../arm-none-eabi/lib/thumb/v7e-m+fp/hard\libc_nano.a(libc_a-impure.o)
                0x20000010                _impure_data
 *(.RamFunc)
 *(.RamFunc*)
                0x2000005c                        . = ALIGN (0x4)
                0x2000005c                        _edata = .

.igot.plt       0x2000005c        0x0 load address 0x08001aa4
 .igot.plt      0x2000005c        0x0 C:/ST/STM32CubeIDE_1.15.1/STM32CubeIDE/plugins/com.st.stm32cube.ide.mcu.externaltools.gnu-tools-for-stm32.13.3.rel1.win32_1.0.0.202411081344/tools/bin/../lib/gcc/arm-none-eabi/13.3.1/thumb/v7e-m+fp/hard/crtbegin.o
                0x2000005c                        . = ALIGN (0x4)

.bss            0x2000005c      0x19c load address 0x08001aa4
                0x2000005c                        _sbss = .
                0x2000005c                        __bss_start__ = _sbss
 *(.bss)
 .bss           0x2000005c       0x1c C:/ST/STM32CubeIDE_1.15.1/STM32CubeIDE/plugins/com.st.stm32cube.ide.mcu.externaltools.gnu-tools-for-stm32.13.3.rel1.win32_1.0.0.202411081344/tools/bin/../lib/gcc/arm-none-eabi/13.3.1/thumb/v7e-m+fp/hard/crtbegin.o
 *(.bss*)
 .bss.huart2    0x20000078       0x20 ./Src/main.o
                0x20000078                huart2
 .bss.user_btn  0x20000098        0x8 ./Src/main.o
                0x20000098                user_btn
 .bss.__sbrk_heap_end
                0x200000a0        0x4 ./Src/sysmem.o
 .bss.g_curr_tick
                0x200000a4        0x4 ./Src/timebase.o
                0x200000a4                g_curr_tick
 .bss.g_curr_tick_p
                0x200000a8        0x4 ./Src/timebase.o
                0x200000a8                g_curr_tick_p
 .bss.__sf      0x200000ac      0x138 C:/ST/STM32CubeIDE_1.15.1/STM32CubeIDE/plugins/com.st.stm32cube.ide.mcu.externaltools.gnu-tools-for-stm32.13.3.rel1.win32_1.0.0.202411081344/tools/bin/../lib/gcc/arm-none-eabi/13.3.1/../../../../arm-none-eabi/lib/thumb/v7e-m+fp/hard\libc_nano.a(libc_a-findfp.o)
                0x200000ac                __sf
 .bss.__stdio_exit_handler
                0x200001e4        0x4 C:/ST/STM32CubeIDE_1.15.1/STM32CubeIDE/plugins/com.st.stm32cube.ide.mcu.externaltools.gnu-tools-for-stm32.13.3.rel1.win32_1.0.0.202411081344/tools/bin/../lib/gcc/arm-none-eabi/13.3.1/../../../../arm-none-eabi/lib/thumb/v7e-m+fp/hard\libc_nano.a(libc_a-findfp.o)
                0x200001e4                __stdio_exit_handler
 .bss.errno     0x200001e8        0x4 C:/ST/STM32CubeIDE_1.15.1/STM32CubeIDE/plugins/com.st.stm32cube.ide.mcu.externaltools.gnu-tools-for-stm32.13.3.rel1.win32_1.0.0.202411081344/tools/bin/../lib/gcc/arm-none-eabi/13.3.1/../../../../arm-none-eabi/lib/thumb/v7e-m+fp/hard\libc_nano.a(libc_a-reent.o)
                0x200001e8                errno
 .bss.__lock___malloc_recursive_mutex
                0x200001ec        0x1 C:/ST/STM32CubeIDE_1.15.1/STM32CubeIDE/plugins/com.st.stm32cube.ide.mcu.externaltools.gnu-tools-for-stm32.13.3.rel1.win32_1.0.0.202411081344/tools/bin/../lib/gcc/arm-none-eabi/13.3.1/../../../../arm-none-eabi/lib/thumb/v7e-m+fp/hard\libc_nano.a(libc_a-lock.o)
                0x200001ec                __lock___malloc_recursive_mutex
 .bss.__lock___sfp_recursive_mutex
                0x200001ed        0x1 C:/ST/STM32CubeIDE_1.15.1/STM32CubeIDE/plugins/com.st.stm32cube.ide.mcu.externaltools.gnu-tools-for-stm32.13.3.rel1.win32_1.0.0.202411081344/tools/bin/../lib/gcc/arm-none-eabi/13.3.1/../../../../arm-none-eabi/lib/thumb/v7e-m+fp/hard\libc_nano.a(libc_a-lock.o)
                0x200001ed                __lock___sfp_recursive_mutex
 *fill*         0x200001ee        0x2 
 .bss.__malloc_sbrk_start
                0x200001f0        0x4 C:/ST/STM32CubeIDE_1.15.1/STM32CubeIDE/plugins/com.st.stm32cube.ide.mcu.externaltools.gnu-tools-for-stm32.13.3.rel1.win32_1.0.0.202411081344/tools/bin/../lib/gcc/arm-none-eabi/13.3.1/../../../../arm-none-eabi/lib/thumb/v7e-m+fp/hard\libc_nano.a(libc_a-mallocr.o)
                0x200001f0                __malloc_sbrk_start
 .bss.__malloc_free_list
                0x200001f4        0x4 C:/ST/STM32CubeIDE_1.15.1/STM32CubeIDE/plugins/com.st.stm32cube.ide.mcu.externaltools.gnu-tools-for-stm32.13.3.rel1.win32_1.0.0.202411081344/tools/bin/../lib/gcc/arm-none-eabi/13.3.1/../../../../arm-none-eabi/lib/thumb/v7e-m+fp/hard\libc_nano.a(libc_a-mallocr.o)
                0x200001f4                __malloc_free_list
 *(COMMON)
                0x200001f8                        . = ALIGN (0x4)
                0x200001f8                        _ebss = .
                0x200001f8                        __bss_end__ = _ebss

._user_heap_stack
                0x200001f8      0x600 load address 0x08001aa4
                0x200001f8                        . = ALIGN (0x8)
                [!provide]                        PROVIDE (end = .)
                0x200001f8                        PROVIDE (_end = .)
                0x200003f8                        . = (. + _Min_Heap_Size)
 *fill*         0x200001f8      0x200 
                0x200007f8                        . = (. + _Min_Stack_Size)
 *fill*         0x200003f8      0x400 
                0x200007f8                        . = ALIGN (0x8)

/DISCARD/
 libc.a(*)
 libm.a(*)
 libgcc.a(*)

.ARM.attributes
                0x00000000       0x30
 *(.ARM.attributes)
 .ARM.attributes
                0x00000000       0x22 C:/ST/STM32CubeIDE_1.15.1/STM32CubeIDE/plugins/com.st.stm32cube.ide.mcu.externaltools.gnu-tools-for-stm32.13.3.rel1.win32_1.0.0.202411081344/tools/bin/../lib/gcc/arm-none-eabi/13.3.1/thumb/v7e-m+fp/hard/crti.o
 .ARM.attributes
                0x00000022       0x34 C:/ST/STM32CubeIDE_1.15.1/STM32CubeIDE/plugins/com.st.stm32cube.ide.mcu.externaltools.gnu-tools-for-stm32.13.3.rel1.win32_1.0.0.202411081344/tools/bin/../lib/gcc/arm-none-eabi/13.3.1/thumb/v7e-m+fp/hard/crtbegin.o
 .ARM.attributes
                0x00000056       0x34 ./Src/core_m4.o
 .ARM.attributes
                0x0000008a       0x34 ./Src/debounce.o
 .ARM.attributes
                0x000000be       0x34 ./Src/flash.o
 .ARM.attributes
                0x000000f2       0x34 ./Src/gpio.o
 .ARM.attributes
                0x00000126       0x34 ./Src/it.o
 .ARM.attributes
                0x0000015a       0x34 ./Src/main.o
 .ARM.attributes
                0x0000018e       0x34 ./Src/msp.o
 .ARM.attributes
                0x000001c2       0x34 ./Src/pwr.o
 .ARM.attributes
                0x000001f6       0x34 ./Src/rcc.o
 .ARM.attributes
                0x0000022a       0x34 ./Src/syscalls.o
 .ARM.attributes
                0x0000025e       0x34 ./Src/sysmem.o
 .ARM.attributes
                0x00000292       0x34 ./Src/timebase.o
 .ARM.attributes
                0x000002c6       0x34 ./Src/uart.o
 .ARM.attributes
                0x000002fa       0x21 ./Startup/startup_stm32f446retx.o
 .ARM.attributes
                0x0000031b       0x34 C:/ST/STM32CubeIDE_1.15.1/STM32CubeIDE/plugins/com.st.stm32cube.ide.mcu.externaltools.gnu-tools-for-stm32.13.3.rel1.win32_1.0.0.202411081344/tools/bin/../lib/gcc/arm-none-eabi/13.3.1/../../../../arm-none-eabi/lib/thumb/v7e-m+fp/hard\libc_nano.a(libc_a-findfp.o)
 .ARM.attributes
                0x0000034f       0x34 C:/ST/STM32CubeIDE_1.15.1/STM32CubeIDE/plugins/com.st.stm32cube.ide.mcu.externaltools.gnu-tools-for-stm32.13.3.rel1.win32_1.0.0.202411081344/tools/bin/../lib/gcc/arm-none-eabi/13.3.1/../../../../arm-none-eabi/lib/thumb/v7e-m+fp/hard\libc_nano.a(libc_a-fwalk.o)
 .ARM.attributes
                0x00000383       0x34 C:/ST/STM32CubeIDE_1.15.1/STM32CubeIDE/plugins/com.st.stm32cube.ide.mcu.externaltools.gnu-tools-for-stm32.13.3.rel1.win32_1.0.0.202411081344/tools/bin/../lib/gcc/arm-none-eabi/13.3.1/../../../../arm-none-eabi/lib/thumb/v7e-m+fp/hard\libc_nano.a(libc_a-puts.o)
 .ARM.attributes
                0x000003b7       0x34 C:/ST/STM32CubeIDE_1.15.1/STM32CubeIDE/plugins/com.st.stm32cube.ide.mcu.externaltools.gnu-tools-for-stm32.13.3.rel1.win32_1.0.0.202411081344/tools/bin/../lib/gcc/arm-none-eabi/13.3.1/../../../../arm-none-eabi/lib/thumb/v7e-m+fp/hard\libc_nano.a(libc_a-stdio.o)
 .ARM.attributes
                0x000003eb       0x34 C:/ST/STM32CubeIDE_1.15.1/STM32CubeIDE/plugins/com.st.stm32cube.ide.mcu.externaltools.gnu-tools-for-stm32.13.3.rel1.win32_1.0.0.202411081344/tools/bin/../lib/gcc/arm-none-eabi/13.3.1/../../../../arm-none-eabi/lib/thumb/v7e-m+fp/hard\libc_nano.a(libc_a-wbuf.o)
 .ARM.attributes
                0x0000041f       0x34 C:/ST/STM32CubeIDE_1.15.1/STM32CubeIDE/plugins/com.st.stm32cube.ide.mcu.externaltools.gnu-tools-for-stm32.13.3.rel1.win32_1.0.0.202411081344/tools/bin/../lib/gcc/arm-none-eabi/13.3.1/../../../../arm-none-eabi/lib/thumb/v7e-m+fp/hard\libc_nano.a(libc_a-wsetup.o)
 .ARM.attributes
                0x00000453       0x34 C:/ST/STM32CubeIDE_1.15.1/STM32CubeIDE/plugins/com.st.stm32cube.ide.mcu.externaltools.gnu-tools-for-stm32.13.3.rel1.win32_1.0.0.202411081344/tools/bin/../lib/gcc/arm-none-eabi/13.3.1/../../../../arm-none-eabi/lib/thumb/v7e-m+fp/hard\libc_nano.a(libc_a-memset.o)
 .ARM.attributes
                0x00000487       0x34 C:/ST/STM32CubeIDE_1.15.1/STM32CubeIDE/plugins/com.st.stm32cube.ide.mcu.externaltools.gnu-tools-for-stm32.13.3.rel1.win32_1.0.0.202411081344/tools/bin/../lib/gcc/arm-none-eabi/13.3.1/../../../../arm-none-eabi/lib/thumb/v7e-m+fp/hard\libc_nano.a(libc_a-closer.o)
 .ARM.attributes
                0x000004bb       0x34 C:/ST/STM32CubeIDE_1.15.1/STM32CubeIDE/plugins/com.st.stm32cube.ide.mcu.externaltools.gnu-tools-for-stm32.13.3.rel1.win32_1.0.0.202411081344/tools/bin/../lib/gcc/arm-none-eabi/13.3.1/../../../../arm-none-eabi/lib/thumb/v7e-m+fp/hard\libc_nano.a(libc_a-reent.o)
 .ARM.attributes
                0x000004ef       0x34 C:/ST/STM32CubeIDE_1.15.1/STM32CubeIDE/plugins/com.st.stm32cube.ide.mcu.externaltools.gnu-tools-for-stm32.13.3.rel1.win32_1.0.0.202411081344/tools/bin/../lib/gcc/arm-none-eabi/13.3.1/../../../../arm-none-eabi/lib/thumb/v7e-m+fp/hard\libc_nano.a(libc_a-impure.o)
 .ARM.attributes
                0x00000523       0x34 C:/ST/STM32CubeIDE_1.15.1/STM32CubeIDE/plugins/com.st.stm32cube.ide.mcu.externaltools.gnu-tools-for-stm32.13.3.rel1.win32_1.0.0.202411081344/tools/bin/../lib/gcc/arm-none-eabi/13.3.1/../../../../arm-none-eabi/lib/thumb/v7e-m+fp/hard\libc_nano.a(libc_a-lseekr.o)
 .ARM.attributes
                0x00000557       0x34 C:/ST/STM32CubeIDE_1.15.1/STM32CubeIDE/plugins/com.st.stm32cube.ide.mcu.externaltools.gnu-tools-for-stm32.13.3.rel1.win32_1.0.0.202411081344/tools/bin/../lib/gcc/arm-none-eabi/13.3.1/../../../../arm-none-eabi/lib/thumb/v7e-m+fp/hard\libc_nano.a(libc_a-readr.o)
 .ARM.attributes
                0x0000058b       0x34 C:/ST/STM32CubeIDE_1.15.1/STM32CubeIDE/plugins/com.st.stm32cube.ide.mcu.externaltools.gnu-tools-for-stm32.13.3.rel1.win32_1.0.0.202411081344/tools/bin/../lib/gcc/arm-none-eabi/13.3.1/../../../../arm-none-eabi/lib/thumb/v7e-m+fp/hard\libc_nano.a(libc_a-writer.o)
 .ARM.attributes
                0x000005bf       0x34 C:/ST/STM32CubeIDE_1.15.1/STM32CubeIDE/plugins/com.st.stm32cube.ide.mcu.externaltools.gnu-tools-for-stm32.13.3.rel1.win32_1.0.0.202411081344/tools/bin/../lib/gcc/arm-none-eabi/13.3.1/../../../../arm-none-eabi/lib/thumb/v7e-m+fp/hard\libc_nano.a(libc_a-errno.o)
 .ARM.attributes
                0x000005f3       0x34 C:/ST/STM32CubeIDE_1.15.1/STM32CubeIDE/plugins/com.st.stm32cube.ide.mcu.externaltools.gnu-tools-for-stm32.13.3.rel1.win32_1.0.0.202411081344/tools/bin/../lib/gcc/arm-none-eabi/13.3.1/../../../../arm-none-eabi/lib/thumb/v7e-m+fp/hard\libc_nano.a(libc_a-init.o)
 .ARM.attributes
                0x00000627       0x34 C:/ST/STM32CubeIDE_1.15.1/STM32CubeIDE/plugins/com.st.stm32cube.ide.mcu.externaltools.gnu-tools-for-stm32.13.3.rel1.win32_1.0.0.202411081344/tools/bin/../lib/gcc/arm-none-eabi/13.3.1/../../../../arm-none-eabi/lib/thumb/v7e-m+fp/hard\libc_nano.a(libc_a-lock.o)
 .ARM.attributes
                0x0000065b       0x34 C:/ST/STM32CubeIDE_1.15.1/STM32CubeIDE/plugins/com.st.stm32cube.ide.mcu.externaltools.gnu-tools-for-stm32.13.3.rel1.win32_1.0.0.202411081344/tools/bin/../lib/gcc/arm-none-eabi/13.3.1/../../../../arm-none-eabi/lib/thumb/v7e-m+fp/hard\libc_nano.a(libc_a-freer.o)
 .ARM.attributes
                0x0000068f       0x34 C:/ST/STM32CubeIDE_1.15.1/STM32CubeIDE/plugins/com.st.stm32cube.ide.mcu.externaltools.gnu-tools-for-stm32.13.3.rel1.win32_1.0.0.202411081344/tools/bin/../lib/gcc/arm-none-eabi/13.3.1/../../../../arm-none-eabi/lib/thumb/v7e-m+fp/hard\libc_nano.a(libc_a-mallocr.o)
 .ARM.attributes
                0x000006c3       0x34 C:/ST/STM32CubeIDE_1.15.1/STM32CubeIDE/plugins/com.st.stm32cube.ide.mcu.externaltools.gnu-tools-for-stm32.13.3.rel1.win32_1.0.0.202411081344/tools/bin/../lib/gcc/arm-none-eabi/13.3.1/../../../../arm-none-eabi/lib/thumb/v7e-m+fp/hard\libc_nano.a(libc_a-mlock.o)
 .ARM.attributes
                0x000006f7       0x34 C:/ST/STM32CubeIDE_1.15.1/STM32CubeIDE/plugins/com.st.stm32cube.ide.mcu.externaltools.gnu-tools-for-stm32.13.3.rel1.win32_1.0.0.202411081344/tools/bin/../lib/gcc/arm-none-eabi/13.3.1/../../../../arm-none-eabi/lib/thumb/v7e-m+fp/hard\libc_nano.a(libc_a-fflush.o)
 .ARM.attributes
                0x0000072b       0x34 C:/ST/STM32CubeIDE_1.15.1/STM32CubeIDE/plugins/com.st.stm32cube.ide.mcu.externaltools.gnu-tools-for-stm32.13.3.rel1.win32_1.0.0.202411081344/tools/bin/../lib/gcc/arm-none-eabi/13.3.1/../../../../arm-none-eabi/lib/thumb/v7e-m+fp/hard\libc_nano.a(libc_a-makebuf.o)
 .ARM.attributes
                0x0000075f       0x34 C:/ST/STM32CubeIDE_1.15.1/STM32CubeIDE/plugins/com.st.stm32cube.ide.mcu.externaltools.gnu-tools-for-stm32.13.3.rel1.win32_1.0.0.202411081344/tools/bin/../lib/gcc/arm-none-eabi/13.3.1/../../../../arm-none-eabi/lib/thumb/v7e-m+fp/hard\libc_nano.a(libc_a-fstatr.o)
 .ARM.attributes
                0x00000793       0x34 C:/ST/STM32CubeIDE_1.15.1/STM32CubeIDE/plugins/com.st.stm32cube.ide.mcu.externaltools.gnu-tools-for-stm32.13.3.rel1.win32_1.0.0.202411081344/tools/bin/../lib/gcc/arm-none-eabi/13.3.1/../../../../arm-none-eabi/lib/thumb/v7e-m+fp/hard\libc_nano.a(libc_a-isattyr.o)
 .ARM.attributes
                0x000007c7       0x34 C:/ST/STM32CubeIDE_1.15.1/STM32CubeIDE/plugins/com.st.stm32cube.ide.mcu.externaltools.gnu-tools-for-stm32.13.3.rel1.win32_1.0.0.202411081344/tools/bin/../lib/gcc/arm-none-eabi/13.3.1/../../../../arm-none-eabi/lib/thumb/v7e-m+fp/hard\libc_nano.a(libc_a-sbrkr.o)
 .ARM.attributes
                0x000007fb       0x22 C:/ST/STM32CubeIDE_1.15.1/STM32CubeIDE/plugins/com.st.stm32cube.ide.mcu.externaltools.gnu-tools-for-stm32.13.3.rel1.win32_1.0.0.202411081344/tools/bin/../lib/gcc/arm-none-eabi/13.3.1/thumb/v7e-m+fp/hard/crtn.o
OUTPUT(F4.elf elf32-littlearm)
LOAD linker stubs
LOAD C:/ST/STM32CubeIDE_1.15.1/STM32CubeIDE/plugins/com.st.stm32cube.ide.mcu.externaltools.gnu-tools-for-stm32.13.3.rel1.win32_1.0.0.202411081344/tools/bin/../lib/gcc/arm-none-eabi/13.3.1/../../../../arm-none-eabi/lib/thumb/v7e-m+fp/hard\libc.a
LOAD C:/ST/STM32CubeIDE_1.15.1/STM32CubeIDE/plugins/com.st.stm32cube.ide.mcu.externaltools.gnu-tools-for-stm32.13.3.rel1.win32_1.0.0.202411081344/tools/bin/../lib/gcc/arm-none-eabi/13.3.1/../../../../arm-none-eabi/lib/thumb/v7e-m+fp/hard\libm.a
LOAD C:/ST/STM32CubeIDE_1.15.1/STM32CubeIDE/plugins/com.st.stm32cube.ide.mcu.externaltools.gnu-tools-for-stm32.13.3.rel1.win32_1.0.0.202411081344/tools/bin/../lib/gcc/arm-none-eabi/13.3.1/thumb/v7e-m+fp/hard\libgcc.a

.debug_info     0x00000000     0x27e0
 .debug_info    0x00000000      0x114 ./Src/core_m4.o
 .debug_info    0x00000114      0x136 ./Src/debounce.o
 .debug_info    0x0000024a       0xff ./Src/flash.o
 .debug_info    0x00000349      0x30a ./Src/gpio.o
 .debug_info    0x00000653      0x396 ./Src/it.o
 .debug_info    0x000009e9      0x5e2 ./Src/main.o
 .debug_info    0x00000fcb      0x317 ./Src/msp.o
 .debug_info    0x000012e2       0xd4 ./Src/pwr.o
 .debug_info    0x000013b6      0x64d ./Src/rcc.o
 .debug_info    0x00001a03      0x6a3 ./Src/syscalls.o
 .debug_info    0x000020a6      0x168 ./Src/sysmem.o
 .debug_info    0x0000220e      0x1bc ./Src/timebase.o
 .debug_info    0x000023ca      0x3e6 ./Src/uart.o
 .debug_info    0x000027b0       0x30 ./Startup/startup_stm32f446retx.o

.debug_abbrev   0x00000000      0xdf7
 .debug_abbrev  0x00000000       0xa0 ./Src/core_m4.o
 .debug_abbrev  0x000000a0       0xae ./Src/debounce.o
 .debug_abbrev  0x0000014e       0x89 ./Src/flash.o
 .debug_abbrev  0x000001d7       0xe1 ./Src/gpio.o
 .debug_abbrev  0x000002b8      0x11c ./Src/it.o
 .debug_abbrev  0x000003d4      0x186 ./Src/main.o
 .debug_abbrev  0x0000055a       0xfe ./Src/msp.o
 .debug_abbrev  0x00000658       0x76 ./Src/pwr.o
 .debug_abbrev  0x000006ce      0x1b3 ./Src/rcc.o
 .debug_abbrev  0x00000881      0x1b6 ./Src/syscalls.o
 .debug_abbrev  0x00000a37       0xbc ./Src/sysmem.o
 .debug_abbrev  0x00000af3      0x142 ./Src/timebase.o
 .debug_abbrev  0x00000c35      0x19e ./Src/uart.o
 .debug_abbrev  0x00000dd3       0x24 ./Startup/startup_stm32f446retx.o

.debug_aranges  0x00000000      0x3a8
 .debug_aranges
                0x00000000       0x20 ./Src/core_m4.o
 .debug_aranges
                0x00000020       0x28 ./Src/debounce.o
 .debug_aranges
                0x00000048       0x20 ./Src/flash.o
 .debug_aranges
                0x00000068       0x48 ./Src/gpio.o
 .debug_aranges
                0x000000b0       0x28 ./Src/it.o
 .debug_aranges
                0x000000d8       0x48 ./Src/main.o
 .debug_aranges
                0x00000120       0x20 ./Src/msp.o
 .debug_aranges
                0x00000140       0x20 ./Src/pwr.o
 .debug_aranges
                0x00000160       0xa8 ./Src/rcc.o
 .debug_aranges
                0x00000208       0xa8 ./Src/syscalls.o
 .debug_aranges
                0x000002b0       0x20 ./Src/sysmem.o
 .debug_aranges
                0x000002d0       0x50 ./Src/timebase.o
 .debug_aranges
                0x00000320       0x60 ./Src/uart.o
 .debug_aranges
                0x00000380       0x28 ./Startup/startup_stm32f446retx.o

.debug_rnglists
                0x00000000      0x282
 .debug_rnglists
                0x00000000       0x13 ./Src/core_m4.o
 .debug_rnglists
                0x00000013       0x19 ./Src/debounce.o
 .debug_rnglists
                0x0000002c       0x13 ./Src/flash.o
 .debug_rnglists
                0x0000003f       0x33 ./Src/gpio.o
 .debug_rnglists
                0x00000072       0x19 ./Src/it.o
 .debug_rnglists
                0x0000008b       0x32 ./Src/main.o
 .debug_rnglists
                0x000000bd       0x14 ./Src/msp.o
 .debug_rnglists
                0x000000d1       0x13 ./Src/pwr.o
 .debug_rnglists
                0x000000e4       0x7e ./Src/rcc.o
 .debug_rnglists
                0x00000162       0x79 ./Src/syscalls.o
 .debug_rnglists
                0x000001db       0x13 ./Src/sysmem.o
 .debug_rnglists
                0x000001ee       0x37 ./Src/timebase.o
 .debug_rnglists
                0x00000225       0x44 ./Src/uart.o
 .debug_rnglists
                0x00000269       0x19 ./Startup/startup_stm32f446retx.o

.debug_macro    0x00000000     0x4bc4
 .debug_macro   0x00000000      0x20c ./Src/core_m4.o
 .debug_macro   0x0000020c      0xae4 ./Src/core_m4.o
 .debug_macro   0x00000cf0       0x10 ./Src/core_m4.o
 .debug_macro   0x00000d00       0x22 ./Src/core_m4.o
 .debug_macro   0x00000d22       0x8e ./Src/core_m4.o
 .debug_macro   0x00000db0       0x51 ./Src/core_m4.o
 .debug_macro   0x00000e01      0x103 ./Src/core_m4.o
 .debug_macro   0x00000f04       0x6a ./Src/core_m4.o
 .debug_macro   0x00000f6e      0x1df ./Src/core_m4.o
 .debug_macro   0x0000114d       0x61 ./Src/core_m4.o
 .debug_macro   0x000011ae       0x2a ./Src/core_m4.o
 .debug_macro   0x000011d8       0x43 ./Src/core_m4.o
 .debug_macro   0x0000121b       0x34 ./Src/core_m4.o
 .debug_macro   0x0000124f      0x190 ./Src/core_m4.o
 .debug_macro   0x000013df      0x370 ./Src/core_m4.o
 .debug_macro   0x0000174f       0x16 ./Src/core_m4.o
 .debug_macro   0x00001765       0x4a ./Src/core_m4.o
 .debug_macro   0x000017af       0x34 ./Src/core_m4.o
 .debug_macro   0x000017e3       0x10 ./Src/core_m4.o
 .debug_macro   0x000017f3       0x58 ./Src/core_m4.o
 .debug_macro   0x0000184b       0x8e ./Src/core_m4.o
 .debug_macro   0x000018d9       0x1c ./Src/core_m4.o
 .debug_macro   0x000018f5      0x185 ./Src/core_m4.o
 .debug_macro   0x00001a7a       0x10 ./Src/core_m4.o
 .debug_macro   0x00001a8a       0x3c ./Src/core_m4.o
 .debug_macro   0x00001ac6       0x20 ./Src/core_m4.o
 .debug_macro   0x00001ae6       0x1c ./Src/core_m4.o
 .debug_macro   0x00001b02       0x10 ./Src/core_m4.o
 .debug_macro   0x00001b12       0x1c ./Src/core_m4.o
 .debug_macro   0x00001b2e       0x16 ./Src/core_m4.o
 .debug_macro   0x00001b44      0x146 ./Src/core_m4.o
 .debug_macro   0x00001c8a       0x22 ./Src/core_m4.o
 .debug_macro   0x00001cac       0x5e ./Src/core_m4.o
 .debug_macro   0x00001d0a       0x16 ./Src/core_m4.o
 .debug_macro   0x00001d20      0x21c ./Src/core_m4.o
 .debug_macro   0x00001f3c       0x28 ./Src/core_m4.o
 .debug_macro   0x00001f64       0x40 ./Src/core_m4.o
 .debug_macro   0x00001fa4       0x10 ./Src/core_m4.o
 .debug_macro   0x00001fb4       0x10 ./Src/core_m4.o
 .debug_macro   0x00001fc4      0x184 ./Src/core_m4.o
 .debug_macro   0x00002148       0xbe ./Src/core_m4.o
 .debug_macro   0x00002206       0x52 ./Src/core_m4.o
 .debug_macro   0x00002258      0x206 ./Src/debounce.o
 .debug_macro   0x0000245e       0x64 ./Src/debounce.o
 .debug_macro   0x000024c2      0x20c ./Src/flash.o
 .debug_macro   0x000026ce       0x22 ./Src/flash.o
 .debug_macro   0x000026f0      0x20c ./Src/gpio.o
 .debug_macro   0x000028fc      0x17e ./Src/gpio.o
 .debug_macro   0x00002a7a      0x206 ./Src/it.o
 .debug_macro   0x00002c80      0x202 ./Src/main.o
 .debug_macro   0x00002e82      0x206 ./Src/msp.o
 .debug_macro   0x00003088      0x20c ./Src/pwr.o
 .debug_macro   0x00003294       0x10 ./Src/pwr.o
 .debug_macro   0x000032a4      0x20c ./Src/rcc.o
 .debug_macro   0x000034b0      0x216 ./Src/rcc.o
 .debug_macro   0x000036c6      0x274 ./Src/syscalls.o
 .debug_macro   0x0000393a       0x5b ./Src/syscalls.o
 .debug_macro   0x00003995       0x94 ./Src/syscalls.o
 .debug_macro   0x00003a29       0x57 ./Src/syscalls.o
 .debug_macro   0x00003a80       0x10 ./Src/syscalls.o
 .debug_macro   0x00003a90       0x10 ./Src/syscalls.o
 .debug_macro   0x00003aa0       0x10 ./Src/syscalls.o
 .debug_macro   0x00003ab0       0x10 ./Src/syscalls.o
 .debug_macro   0x00003ac0       0x1c ./Src/syscalls.o
 .debug_macro   0x00003adc       0x52 ./Src/syscalls.o
 .debug_macro   0x00003b2e       0x22 ./Src/syscalls.o
 .debug_macro   0x00003b50       0x10 ./Src/syscalls.o
 .debug_macro   0x00003b60       0x52 ./Src/syscalls.o
 .debug_macro   0x00003bb2       0xcf ./Src/syscalls.o
 .debug_macro   0x00003c81       0x1c ./Src/syscalls.o
 .debug_macro   0x00003c9d       0x3d ./Src/syscalls.o
 .debug_macro   0x00003cda       0x35 ./Src/syscalls.o
 .debug_macro   0x00003d0f      0x12c ./Src/syscalls.o
 .debug_macro   0x00003e3b       0x16 ./Src/syscalls.o
 .debug_macro   0x00003e51       0x16 ./Src/syscalls.o
 .debug_macro   0x00003e67       0x29 ./Src/syscalls.o
 .debug_macro   0x00003e90       0x10 ./Src/syscalls.o
 .debug_macro   0x00003ea0      0x242 ./Src/syscalls.o
 .debug_macro   0x000040e2       0x10 ./Src/syscalls.o
 .debug_macro   0x000040f2      0x18a ./Src/syscalls.o
 .debug_macro   0x0000427c       0x16 ./Src/syscalls.o
 .debug_macro   0x00004292       0xce ./Src/syscalls.o
 .debug_macro   0x00004360      0x112 ./Src/sysmem.o
 .debug_macro   0x00004472      0x23c ./Src/sysmem.o
 .debug_macro   0x000046ae      0x20c ./Src/timebase.o
 .debug_macro   0x000048ba       0x3a ./Src/timebase.o
 .debug_macro   0x000048f4      0x218 ./Src/uart.o
 .debug_macro   0x00004b0c       0xb8 ./Src/uart.o

.debug_line     0x00000000     0x6036
 .debug_line    0x00000000      0x65e ./Src/core_m4.o
 .debug_line    0x0000065e      0x683 ./Src/debounce.o
 .debug_line    0x00000ce1      0x647 ./Src/flash.o
 .debug_line    0x00001328      0x873 ./Src/gpio.o
 .debug_line    0x00001b9b      0x681 ./Src/it.o
 .debug_line    0x0000221c      0x731 ./Src/main.o
 .debug_line    0x0000294d      0x66e ./Src/msp.o
 .debug_line    0x00002fbb      0x645 ./Src/pwr.o
 .debug_line    0x00003600      0xc68 ./Src/rcc.o
 .debug_line    0x00004268      0x8a7 ./Src/syscalls.o
 .debug_line    0x00004b0f      0x583 ./Src/sysmem.o
 .debug_line    0x00005092      0x744 ./Src/timebase.o
 .debug_line    0x000057d6      0x7e5 ./Src/uart.o
 .debug_line    0x00005fbb       0x7b ./Startup/startup_stm32f446retx.o

.debug_str      0x00000000     0xb84f
 .debug_str     0x00000000     0xb84f ./Src/core_m4.o
                               0x9001 (size before relaxing)
 .debug_str     0x0000b84f     0x9040 ./Src/debounce.o
 .debug_str     0x0000b84f     0x900c ./Src/flash.o
 .debug_str     0x0000b84f     0x90c2 ./Src/gpio.o
 .debug_str     0x0000b84f     0x914f ./Src/it.o
 .debug_str     0x0000b84f     0x9377 ./Src/main.o
 .debug_str     0x0000b84f     0x9110 ./Src/msp.o
 .debug_str     0x0000b84f     0x8ff8 ./Src/pwr.o
 .debug_str     0x0000b84f     0x9447 ./Src/rcc.o
 .debug_str     0x0000b84f     0x99d7 ./Src/syscalls.o
 .debug_str     0x0000b84f     0x7775 ./Src/sysmem.o
 .debug_str     0x0000b84f     0x906c ./Src/timebase.o
 .debug_str     0x0000b84f     0x91b6 ./Src/uart.o
 .debug_str     0x0000b84f       0x64 ./Startup/startup_stm32f446retx.o

.comment        0x00000000       0x43
 .comment       0x00000000       0x43 ./Src/core_m4.o
                                 0x44 (size before relaxing)
 .comment       0x00000043       0x44 ./Src/debounce.o
 .comment       0x00000043       0x44 ./Src/flash.o
 .comment       0x00000043       0x44 ./Src/gpio.o
 .comment       0x00000043       0x44 ./Src/it.o
 .comment       0x00000043       0x44 ./Src/main.o
 .comment       0x00000043       0x44 ./Src/msp.o
 .comment       0x00000043       0x44 ./Src/pwr.o
 .comment       0x00000043       0x44 ./Src/rcc.o
 .comment       0x00000043       0x44 ./Src/syscalls.o
 .comment       0x00000043       0x44 ./Src/sysmem.o
 .comment       0x00000043       0x44 ./Src/timebase.o
 .comment       0x00000043       0x44 ./Src/uart.o

.debug_frame    0x00000000     0x1188
 .debug_frame   0x00000000       0x38 ./Src/core_m4.o
 .debug_frame   0x00000038       0x60 ./Src/debounce.o
 .debug_frame   0x00000098       0x30 ./Src/flash.o
 .debug_frame   0x000000c8      0x100 ./Src/gpio.o
 .debug_frame   0x000001c8       0x48 ./Src/it.o
 .debug_frame   0x00000210       0xc8 ./Src/main.o
 .debug_frame   0x000002d8       0x34 ./Src/msp.o
 .debug_frame   0x0000030c       0x30 ./Src/pwr.o
 .debug_frame   0x0000033c      0x27c ./Src/rcc.o
 .debug_frame   0x000005b8      0x2ac ./Src/syscalls.o
 .debug_frame   0x00000864       0x34 ./Src/sysmem.o
 .debug_frame   0x00000898       0xf0 ./Src/timebase.o
 .debug_frame   0x00000988      0x164 ./Src/uart.o
 .debug_frame   0x00000aec      0x144 C:/ST/STM32CubeIDE_1.15.1/STM32CubeIDE/plugins/com.st.stm32cube.ide.mcu.externaltools.gnu-tools-for-stm32.13.3.rel1.win32_1.0.0.202411081344/tools/bin/../lib/gcc/arm-none-eabi/13.3.1/../../../../arm-none-eabi/lib/thumb/v7e-m+fp/hard\libc_nano.a(libc_a-findfp.o)
 .debug_frame   0x00000c30       0x34 C:/ST/STM32CubeIDE_1.15.1/STM32CubeIDE/plugins/com.st.stm32cube.ide.mcu.externaltools.gnu-tools-for-stm32.13.3.rel1.win32_1.0.0.202411081344/tools/bin/../lib/gcc/arm-none-eabi/13.3.1/../../../../arm-none-eabi/lib/thumb/v7e-m+fp/hard\libc_nano.a(libc_a-fwalk.o)
 .debug_frame   0x00000c64       0x3c C:/ST/STM32CubeIDE_1.15.1/STM32CubeIDE/plugins/com.st.stm32cube.ide.mcu.externaltools.gnu-tools-for-stm32.13.3.rel1.win32_1.0.0.202411081344/tools/bin/../lib/gcc/arm-none-eabi/13.3.1/../../../../arm-none-eabi/lib/thumb/v7e-m+fp/hard\libc_nano.a(libc_a-puts.o)
 .debug_frame   0x00000ca0       0x88 C:/ST/STM32CubeIDE_1.15.1/STM32CubeIDE/plugins/com.st.stm32cube.ide.mcu.externaltools.gnu-tools-for-stm32.13.3.rel1.win32_1.0.0.202411081344/tools/bin/../lib/gcc/arm-none-eabi/13.3.1/../../../../arm-none-eabi/lib/thumb/v7e-m+fp/hard\libc_nano.a(libc_a-stdio.o)
 .debug_frame   0x00000d28       0x40 C:/ST/STM32CubeIDE_1.15.1/STM32CubeIDE/plugins/com.st.stm32cube.ide.mcu.externaltools.gnu-tools-for-stm32.13.3.rel1.win32_1.0.0.202411081344/tools/bin/../lib/gcc/arm-none-eabi/13.3.1/../../../../arm-none-eabi/lib/thumb/v7e-m+fp/hard\libc_nano.a(libc_a-wbuf.o)
 .debug_frame   0x00000d68       0x2c C:/ST/STM32CubeIDE_1.15.1/STM32CubeIDE/plugins/com.st.stm32cube.ide.mcu.externaltools.gnu-tools-for-stm32.13.3.rel1.win32_1.0.0.202411081344/tools/bin/../lib/gcc/arm-none-eabi/13.3.1/../../../../arm-none-eabi/lib/thumb/v7e-m+fp/hard\libc_nano.a(libc_a-wsetup.o)
 .debug_frame   0x00000d94       0x20 C:/ST/STM32CubeIDE_1.15.1/STM32CubeIDE/plugins/com.st.stm32cube.ide.mcu.externaltools.gnu-tools-for-stm32.13.3.rel1.win32_1.0.0.202411081344/tools/bin/../lib/gcc/arm-none-eabi/13.3.1/../../../../arm-none-eabi/lib/thumb/v7e-m+fp/hard\libc_nano.a(libc_a-memset.o)
 .debug_frame   0x00000db4       0x2c C:/ST/STM32CubeIDE_1.15.1/STM32CubeIDE/plugins/com.st.stm32cube.ide.mcu.externaltools.gnu-tools-for-stm32.13.3.rel1.win32_1.0.0.202411081344/tools/bin/../lib/gcc/arm-none-eabi/13.3.1/../../../../arm-none-eabi/lib/thumb/v7e-m+fp/hard\libc_nano.a(libc_a-closer.o)
 .debug_frame   0x00000de0       0x38 C:/ST/STM32CubeIDE_1.15.1/STM32CubeIDE/plugins/com.st.stm32cube.ide.mcu.externaltools.gnu-tools-for-stm32.13.3.rel1.win32_1.0.0.202411081344/tools/bin/../lib/gcc/arm-none-eabi/13.3.1/../../../../arm-none-eabi/lib/thumb/v7e-m+fp/hard\libc_nano.a(libc_a-reent.o)
 .debug_frame   0x00000e18       0x2c C:/ST/STM32CubeIDE_1.15.1/STM32CubeIDE/plugins/com.st.stm32cube.ide.mcu.externaltools.gnu-tools-for-stm32.13.3.rel1.win32_1.0.0.202411081344/tools/bin/../lib/gcc/arm-none-eabi/13.3.1/../../../../arm-none-eabi/lib/thumb/v7e-m+fp/hard\libc_nano.a(libc_a-lseekr.o)
 .debug_frame   0x00000e44       0x2c C:/ST/STM32CubeIDE_1.15.1/STM32CubeIDE/plugins/com.st.stm32cube.ide.mcu.externaltools.gnu-tools-for-stm32.13.3.rel1.win32_1.0.0.202411081344/tools/bin/../lib/gcc/arm-none-eabi/13.3.1/../../../../arm-none-eabi/lib/thumb/v7e-m+fp/hard\libc_nano.a(libc_a-readr.o)
 .debug_frame   0x00000e70       0x2c C:/ST/STM32CubeIDE_1.15.1/STM32CubeIDE/plugins/com.st.stm32cube.ide.mcu.externaltools.gnu-tools-for-stm32.13.3.rel1.win32_1.0.0.202411081344/tools/bin/../lib/gcc/arm-none-eabi/13.3.1/../../../../arm-none-eabi/lib/thumb/v7e-m+fp/hard\libc_nano.a(libc_a-writer.o)
 .debug_frame   0x00000e9c       0x20 C:/ST/STM32CubeIDE_1.15.1/STM32CubeIDE/plugins/com.st.stm32cube.ide.mcu.externaltools.gnu-tools-for-stm32.13.3.rel1.win32_1.0.0.202411081344/tools/bin/../lib/gcc/arm-none-eabi/13.3.1/../../../../arm-none-eabi/lib/thumb/v7e-m+fp/hard\libc_nano.a(libc_a-errno.o)
 .debug_frame   0x00000ebc       0x2c C:/ST/STM32CubeIDE_1.15.1/STM32CubeIDE/plugins/com.st.stm32cube.ide.mcu.externaltools.gnu-tools-for-stm32.13.3.rel1.win32_1.0.0.202411081344/tools/bin/../lib/gcc/arm-none-eabi/13.3.1/../../../../arm-none-eabi/lib/thumb/v7e-m+fp/hard\libc_nano.a(libc_a-init.o)
 .debug_frame   0x00000ee8       0xb0 C:/ST/STM32CubeIDE_1.15.1/STM32CubeIDE/plugins/com.st.stm32cube.ide.mcu.externaltools.gnu-tools-for-stm32.13.3.rel1.win32_1.0.0.202411081344/tools/bin/../lib/gcc/arm-none-eabi/13.3.1/../../../../arm-none-eabi/lib/thumb/v7e-m+fp/hard\libc_nano.a(libc_a-lock.o)
 .debug_frame   0x00000f98       0x38 C:/ST/STM32CubeIDE_1.15.1/STM32CubeIDE/plugins/com.st.stm32cube.ide.mcu.externaltools.gnu-tools-for-stm32.13.3.rel1.win32_1.0.0.202411081344/tools/bin/../lib/gcc/arm-none-eabi/13.3.1/../../../../arm-none-eabi/lib/thumb/v7e-m+fp/hard\libc_nano.a(libc_a-freer.o)
 .debug_frame   0x00000fd0       0x50 C:/ST/STM32CubeIDE_1.15.1/STM32CubeIDE/plugins/com.st.stm32cube.ide.mcu.externaltools.gnu-tools-for-stm32.13.3.rel1.win32_1.0.0.202411081344/tools/bin/../lib/gcc/arm-none-eabi/13.3.1/../../../../arm-none-eabi/lib/thumb/v7e-m+fp/hard\libc_nano.a(libc_a-mallocr.o)
 .debug_frame   0x00001020       0x30 C:/ST/STM32CubeIDE_1.15.1/STM32CubeIDE/plugins/com.st.stm32cube.ide.mcu.externaltools.gnu-tools-for-stm32.13.3.rel1.win32_1.0.0.202411081344/tools/bin/../lib/gcc/arm-none-eabi/13.3.1/../../../../arm-none-eabi/lib/thumb/v7e-m+fp/hard\libc_nano.a(libc_a-mlock.o)
 .debug_frame   0x00001050       0x5c C:/ST/STM32CubeIDE_1.15.1/STM32CubeIDE/plugins/com.st.stm32cube.ide.mcu.externaltools.gnu-tools-for-stm32.13.3.rel1.win32_1.0.0.202411081344/tools/bin/../lib/gcc/arm-none-eabi/13.3.1/../../../../arm-none-eabi/lib/thumb/v7e-m+fp/hard\libc_nano.a(libc_a-fflush.o)
 .debug_frame   0x000010ac       0x58 C:/ST/STM32CubeIDE_1.15.1/STM32CubeIDE/plugins/com.st.stm32cube.ide.mcu.externaltools.gnu-tools-for-stm32.13.3.rel1.win32_1.0.0.202411081344/tools/bin/../lib/gcc/arm-none-eabi/13.3.1/../../../../arm-none-eabi/lib/thumb/v7e-m+fp/hard\libc_nano.a(libc_a-makebuf.o)
 .debug_frame   0x00001104       0x2c C:/ST/STM32CubeIDE_1.15.1/STM32CubeIDE/plugins/com.st.stm32cube.ide.mcu.externaltools.gnu-tools-for-stm32.13.3.rel1.win32_1.0.0.202411081344/tools/bin/../lib/gcc/arm-none-eabi/13.3.1/../../../../arm-none-eabi/lib/thumb/v7e-m+fp/hard\libc_nano.a(libc_a-fstatr.o)
 .debug_frame   0x00001130       0x2c C:/ST/STM32CubeIDE_1.15.1/STM32CubeIDE/plugins/com.st.stm32cube.ide.mcu.externaltools.gnu-tools-for-stm32.13.3.rel1.win32_1.0.0.202411081344/tools/bin/../lib/gcc/arm-none-eabi/13.3.1/../../../../arm-none-eabi/lib/thumb/v7e-m+fp/hard\libc_nano.a(libc_a-isattyr.o)
 .debug_frame   0x0000115c       0x2c C:/ST/STM32CubeIDE_1.15.1/STM32CubeIDE/plugins/com.st.stm32cube.ide.mcu.externaltools.gnu-tools-for-stm32.13.3.rel1.win32_1.0.0.202411081344/tools/bin/../lib/gcc/arm-none-eabi/13.3.1/../../../../arm-none-eabi/lib/thumb/v7e-m+fp/hard\libc_nano.a(libc_a-sbrkr.o)

.debug_line_str
                0x00000000       0x48
 .debug_line_str
                0x00000000       0x48 ./Startup/startup_stm32f446retx.o
